Petite pause pour laisser finir le run éventuellement lancé avant correction...
===== A run 1/10 : dispatch =====
HTTP 204
A run 1/10 -> status=in_progress conclusion=None
A run 1/10 -> status=in_progress conclusion=None
A run 1/10 -> status=in_progress conclusion=None
A run 1/10 -> status=completed conclusion=success
OK: https://github.com/ChallalSyfax/demo-cicd/actions/runs/30857682979

===== A run 2/10 : dispatch =====
HTTP 204
A run 2/10 -> status=in_progress conclusion=None
A run 2/10 -> status=in_progress conclusion=None
A run 2/10 -> status=in_progress conclusion=None
A run 2/10 -> status=completed conclusion=success
OK: https://github.com/ChallalSyfax/demo-cicd/actions/runs/30857746853

===== A run 3/10 : dispatch =====
HTTP 204
A run 3/10 -> status=in_progress conclusion=None
A run 3/10 -> status=in_progress conclusion=None
A run 3/10 -> status=in_progress conclusion=None
A run 3/10 -> status=completed conclusion=success
OK: https://github.com/ChallalSyfax/demo-cicd/actions/runs/30857811259

===== A run 4/10 : dispatch =====
HTTP 204
A run 4/10 -> status=in_progress conclusion=None
A run 4/10 -> status=in_progress conclusion=None
A run 4/10 -> status=in_progress conclusion=None
A run 4/10 -> status=completed conclusion=success
OK: https://github.com/ChallalSyfax/demo-cicd/actions/runs/30857878853

===== A run 5/10 : dispatch =====
HTTP 204
A run 5/10 -> status=in_progress conclusion=None
A run 5/10 -> status=in_progress conclusion=None
A run 5/10 -> status=in_progress conclusion=None
A run 5/10 -> status=completed conclusion=success
OK: https://github.com/ChallalSyfax/demo-cicd/actions/runs/30857946200

===== A run 6/10 : dispatch =====
HTTP 204
A run 6/10 -> status=in_progress conclusion=None
A run 6/10 -> status=in_progress conclusion=None
A run 6/10 -> status=in_progress conclusion=None
A run 6/10 -> status=completed conclusion=success
OK: https://github.com/ChallalSyfax/demo-cicd/actions/runs/30858010866

===== A run 7/10 : dispatch =====
HTTP 204
A run 7/10 -> status=in_progress conclusion=None
A run 7/10 -> status=in_progress conclusion=None
A run 7/10 -> status=completed conclusion=success
OK: https://github.com/ChallalSyfax/demo-cicd/actions/runs/30858074506

===== A run 8/10 : dispatch =====
HTTP 204
A run 8/10 -> status=in_progress conclusion=None
A run 8/10 -> status=in_progress conclusion=None
A run 8/10 -> status=in_progress conclusion=None
A run 8/10 -> status=completed conclusion=success
OK: https://github.com/ChallalSyfax/demo-cicd/actions/runs/30858120392

===== A run 9/10 : dispatch =====
HTTP 204
A run 9/10 -> status=in_progress conclusion=None
A run 9/10 -> status=in_progress conclusion=None
A run 9/10 -> status=completed conclusion=success
OK: https://github.com/ChallalSyfax/demo-cicd/actions/runs/30858182782

===== A run 10/10 : dispatch =====
HTTP 204
A run 10/10 -> status=queued conclusion=None
A run 10/10 -> status=in_progress conclusion=None
A run 10/10 -> status=in_progress conclusion=None
A run 10/10 -> status=completed conclusion=success
OK: https://github.com/ChallalSyfax/demo-cicd/actions/runs/30858229802

===== B run 1/10 : dispatch =====
HTTP 204
B run 1/10 -> status=in_progress conclusion=None
B run 1/10 -> status=in_progress conclusion=None
B run 1/10 -> status=in_progress conclusion=None
B run 1/10 -> status=completed conclusion=success
OK: https://github.com/ChallalSyfax/demo-cicd/actions/runs/30858294491

===== B run 2/10 : dispatch =====
HTTP 204
B run 2/10 -> status=in_progress conclusion=None
B run 2/10 -> status=in_progress conclusion=None
B run 2/10 -> status=completed conclusion=success
OK: https://github.com/ChallalSyfax/demo-cicd/actions/runs/30858356814

===== B run 3/10 : dispatch =====
HTTP 204
B run 3/10 -> status=in_progress conclusion=None
B run 3/10 -> status=in_progress conclusion=None
B run 3/10 -> status=completed conclusion=success
OK: https://github.com/ChallalSyfax/demo-cicd/actions/runs/30858406349

===== B run 4/10 : dispatch =====
HTTP 204
B run 4/10 -> status=in_progress conclusion=None
B run 4/10 -> status=in_progress conclusion=None
B run 4/10 -> status=in_progress conclusion=None
B run 4/10 -> status=completed conclusion=success
OK: https://github.com/ChallalSyfax/demo-cicd/actions/runs/30858451718

===== B run 5/10 : dispatch =====
HTTP 204
B run 5/10 -> status=in_progress conclusion=None
B run 5/10 -> status=in_progress conclusion=None
B run 5/10 -> status=in_progress conclusion=None
B run 5/10 -> status=completed conclusion=success
OK: https://github.com/ChallalSyfax/demo-cicd/actions/runs/30858519853

===== B run 6/10 : dispatch =====
HTTP 204
B run 6/10 -> status=in_progress conclusion=None
B run 6/10 -> status=in_progress conclusion=None
B run 6/10 -> status=completed conclusion=success
OK: https://github.com/ChallalSyfax/demo-cicd/actions/runs/30858585739

===== B run 7/10 : dispatch =====
HTTP 204
B run 7/10 -> status=queued conclusion=None
B run 7/10 -> status=in_progress conclusion=None
B run 7/10 -> status=completed conclusion=success
OK: https://github.com/ChallalSyfax/demo-cicd/actions/runs/30858632074

===== B run 8/10 : dispatch =====
HTTP 204
B run 8/10 -> status=in_progress conclusion=None
B run 8/10 -> status=in_progress conclusion=None
B run 8/10 -> status=completed conclusion=success
OK: https://github.com/ChallalSyfax/demo-cicd/actions/runs/30858679977

===== B run 9/10 : dispatch =====
HTTP 204
B run 9/10 -> status=in_progress conclusion=None
B run 9/10 -> status=in_progress conclusion=None
B run 9/10 -> status=completed conclusion=success
OK: https://github.com/ChallalSyfax/demo-cicd/actions/runs/30858726647

===== B run 10/10 : dispatch =====
HTTP 204
B run 10/10 -> status=in_progress conclusion=None
B run 10/10 -> status=queued conclusion=None
B run 10/10 -> status=in_progress conclusion=None
B run 10/10 -> status=in_progress conclusion=None
B run 10/10 -> status=completed conclusion=success
OK: https://github.com/ChallalSyfax/demo-cicd/actions/runs/30858774473

===== C run 1/10 : dispatch =====
HTTP 204
C run 1/10 -> status=in_progress conclusion=None
C run 1/10 -> status=in_progress conclusion=None
C run 1/10 -> status=completed conclusion=success
OK: https://github.com/ChallalSyfax/demo-cicd/actions/runs/30858854433

===== C run 2/10 : dispatch =====
HTTP 204
C run 2/10 -> status=in_progress conclusion=None
C run 2/10 -> status=in_progress conclusion=None
C run 2/10 -> status=completed conclusion=success
OK: https://github.com/ChallalSyfax/demo-cicd/actions/runs/30858907213

===== C run 3/10 : dispatch =====
HTTP 204
C run 3/10 -> status=in_progress conclusion=None
C run 3/10 -> status=in_progress conclusion=None
C run 3/10 -> status=in_progress conclusion=None
C run 3/10 -> status=completed conclusion=success
OK: https://github.com/ChallalSyfax/demo-cicd/actions/runs/30858955424

===== C run 4/10 : dispatch =====
HTTP 204
C run 4/10 -> status=queued conclusion=None
C run 4/10 -> status=in_progress conclusion=None
C run 4/10 -> status=completed conclusion=success
OK: https://github.com/ChallalSyfax/demo-cicd/actions/runs/30859020016

===== C run 5/10 : dispatch =====
HTTP 204
C run 5/10 -> status=in_progress conclusion=None
C run 5/10 -> status=queued conclusion=None
C run 5/10 -> status=in_progress conclusion=None
C run 5/10 -> status=completed conclusion=success
OK: https://github.com/ChallalSyfax/demo-cicd/actions/runs/30859067994

===== C run 6/10 : dispatch =====
HTTP 204
C run 6/10 -> status=in_progress conclusion=None
C run 6/10 -> status=in_progress conclusion=None
C run 6/10 -> status=completed conclusion=success
OK: https://github.com/ChallalSyfax/demo-cicd/actions/runs/30859131741

===== C run 7/10 : dispatch =====
HTTP 204
C run 7/10 -> status=in_progress conclusion=None
C run 7/10 -> status=in_progress conclusion=None
C run 7/10 -> status=completed conclusion=success
OK: https://github.com/ChallalSyfax/demo-cicd/actions/runs/30859179918

===== C run 8/10 : dispatch =====
HTTP 204
C run 8/10 -> status=in_progress conclusion=None
C run 8/10 -> status=in_progress conclusion=None
C run 8/10 -> status=in_progress conclusion=None
C run 8/10 -> status=completed conclusion=success
OK: https://github.com/ChallalSyfax/demo-cicd/actions/runs/30859232540

===== C run 9/10 : dispatch =====
HTTP 204
C run 9/10 -> status=in_progress conclusion=None
C run 9/10 -> status=in_progress conclusion=None
C run 9/10 -> status=in_progress conclusion=None
C run 9/10 -> status=completed conclusion=success
OK: https://github.com/ChallalSyfax/demo-cicd/actions/runs/30859297629

===== C run 10/10 : dispatch =====
HTTP 204
C run 10/10 -> status=in_progress conclusion=None
C run 10/10 -> status=in_progress conclusion=None
C run 10/10 -> status=completed conclusion=success
OK: https://github.com/ChallalSyfax/demo-cicd/actions/runs/30859359325

Campagne contrôlée terminée.
